[technext.github.io/consultingbiz/index.html]
[backblue.gif]
[fade.gif]
[index.html]
[technext.github.io/consultingbiz/site.webmanifest]
[technext.github.io/consultingbiz/assets/img/favicon.ico]
[technext.github.io/consultingbiz/assets/css/owl.carousel.min.css]
[technext.github.io/consultingbiz/assets/css/bootstrap.min.css]
[technext.github.io/consultingbiz/assets/css/slicknav.css]
[technext.github.io/consultingbiz/assets/css/flaticon.css]
[technext.github.io/consultingbiz/assets/css/animate.min.css]
[technext.github.io/consultingbiz/assets/css/magnific-popup.css]
[technext.github.io/consultingbiz/assets/css/fontawesome-all.min.css]
[technext.github.io/consultingbiz/assets/css/themify-icons.css]
[technext.github.io/consultingbiz/assets/css/slick.css]
[technext.github.io/consultingbiz/assets/css/nice-select.css]
[technext.github.io/consultingbiz/assets/css/style.css]
[technext.github.io/consultingbiz/assets/img/logo/loder.jpg]
[technext.github.io/consultingbiz/assets/img/logo/logo.png]
[technext.github.io/consultingbiz/about.html]
[technext.github.io/consultingbiz/services.html]
[technext.github.io/consultingbiz/blog.html]
[technext.github.io/consultingbiz/blog_details.html]
[technext.github.io/consultingbiz/elements.html]
[technext.github.io/consultingbiz/contact.html]
[technext.github.io/consultingbiz/industries.html]
[technext.github.io/consultingbiz/assets/img/gallery/section_bg02.jpg]
[technext.github.io/consultingbiz/assets/img/gallery/about.png]
[technext.github.io/consultingbiz/assets/img/gallery/services1.png]
[technext.github.io/consultingbiz/assets/img/gallery/services2.png]
[technext.github.io/consultingbiz/assets/img/gallery/services3.png]
[technext.github.io/consultingbiz/assets/img/gallery/services4.png]
[technext.github.io/consultingbiz/assets/img/gallery/section_bg04.jpg]
[technext.github.io/consultingbiz/assets/img/gallery/Homepage_testi.png]
[technext.github.io/consultingbiz/assets/img/gallery/team2.png]
[technext.github.io/consultingbiz/assets/img/gallery/team3.png]
[technext.github.io/consultingbiz/assets/img/gallery/team1.png]
[technext.github.io/consultingbiz/assets/img/gallery/section_bg03.jpg]
[technext.github.io/consultingbiz/assets/img/gallery/home_blog1.png]
[technext.github.io/consultingbiz/assets/img/gallery/home_blog2.png]
[technext.github.io/consultingbiz/assets/img/gallery/brand1.png]
[technext.github.io/consultingbiz/assets/img/gallery/brand2.png]
[technext.github.io/consultingbiz/assets/img/gallery/brand3.png]
[technext.github.io/consultingbiz/assets/img/gallery/brand4.png]
[technext.github.io/consultingbiz/assets/img/gallery/brand5.png]
[technext.github.io/consultingbiz/assets/img/gallery/footer_bg.jpg]
[technext.github.io/consultingbiz/assets/img/logo/logo2_footer.png]
[technext.github.io/consultingbiz/assets/js/vendor/modernizr-3.5.0.min.js]
[technext.github.io/consultingbiz/assets/js/vendor/jquery-1.12.4.min.js]
[technext.github.io/consultingbiz/assets/js/popper.min.js]
[technext.github.io/consultingbiz/assets/js/bootstrap.min.js]
[technext.github.io/consultingbiz/assets/js/jquery.slicknav.min.js]
[technext.github.io/consultingbiz/assets/js/owl.carousel.min.js]
[technext.github.io/consultingbiz/assets/js/slick.min.js]
[technext.github.io/consultingbiz/assets/js/wow.min.js]
[technext.github.io/consultingbiz/assets/js/animated.headline.js]
[technext.github.io/consultingbiz/assets/js/jquery.magnific-popup.js]
[technext.github.io/consultingbiz/assets/js/jquery.nice-select.min.js]
[technext.github.io/consultingbiz/assets/js/jquery.sticky.js]
[cdnjs.cloudflare.com/ajax/libs/waypoints/2.0.3/waypoints.min.js]
[technext.github.io/consultingbiz/assets/js/jquery.counterup.min.js]
[technext.github.io/consultingbiz/assets/js/contact.js]
[technext.github.io/consultingbiz/assets/js/jquery.form.js]
[technext.github.io/consultingbiz/assets/js/jquery.validate.min.js]
[technext.github.io/consultingbiz/assets/js/mail-script.js]
[technext.github.io/consultingbiz/assets/js/jquery.ajaxchimp.min.js]
[technext.github.io/consultingbiz/assets/js/plugins.js]
[technext.github.io/consultingbiz/assets/js/main.js]
[technext.github.io/consultingbiz/index.html]
[technext.github.io/consultingbiz/site.html]
[technext.github.io/consultingbiz/assets/css/bootstrap.min.css]
[technext.github.io/consultingbiz/assets/css/owl.video.play.png]
[technext.github.io/consultingbiz/assets/css/owl.carousel.min.css]
[technext.github.io/consultingbiz/assets/css/slicknav.css]
[technext.github.io/consultingbiz/assets/fonts/Flaticon.eot]
[technext.github.io/consultingbiz/assets/fonts/Flaticond41d.eot]
[technext.github.io/consultingbiz/assets/fonts/Flaticon.woff2]
[technext.github.io/consultingbiz/assets/fonts/Flaticon.woff]
[technext.github.io/consultingbiz/assets/fonts/Flaticon.ttf]
[technext.github.io/consultingbiz/assets/css/flaticon.css]
[technext.github.io/consultingbiz/assets/fonts/Flaticon.svg]
[technext.github.io/consultingbiz/assets/css/animate.min.css]
[technext.github.io/consultingbiz/assets/css/magnific-popup.css]
[technext.github.io/consultingbiz/assets/fonts/fa-brands-400.eot]
[technext.github.io/consultingbiz/assets/fonts/fa-brands-400d41d.eot]
[technext.github.io/consultingbiz/assets/fonts/fa-brands-400.woff2]
[technext.github.io/consultingbiz/assets/fonts/fa-brands-400.woff]
[technext.github.io/consultingbiz/assets/fonts/fa-brands-400.ttf]
[technext.github.io/consultingbiz/assets/fonts/fa-brands-400.svg]
[technext.github.io/consultingbiz/assets/fonts/fa-regular-400.eot]
[technext.github.io/consultingbiz/assets/fonts/fa-regular-400d41d.eot]
[technext.github.io/consultingbiz/assets/fonts/fa-regular-400.woff2]
[technext.github.io/consultingbiz/assets/fonts/fa-regular-400.woff]
[technext.github.io/consultingbiz/assets/fonts/fa-regular-400.ttf]
[technext.github.io/consultingbiz/assets/fonts/fa-regular-400.svg]
[technext.github.io/consultingbiz/assets/fonts/fa-solid-900.eot]
[technext.github.io/consultingbiz/assets/fonts/fa-solid-900d41d.eot]
[technext.github.io/consultingbiz/assets/fonts/fa-solid-900.woff2]
[technext.github.io/consultingbiz/assets/fonts/fa-solid-900.woff]
[technext.github.io/consultingbiz/assets/fonts/fa-solid-900.ttf]
[technext.github.io/consultingbiz/assets/css/fontawesome-all.min.css]
[technext.github.io/consultingbiz/assets/fonts/fa-solid-900.svg]
[technext.github.io/consultingbiz/assets/fonts/themify9f24.eot]
[technext.github.io/consultingbiz/assets/fonts/themifyd41d.eot]
[technext.github.io/consultingbiz/assets/fonts/themify9f24.woff]
[technext.github.io/consultingbiz/assets/fonts/themify9f24.ttf]
[technext.github.io/consultingbiz/assets/css/themify-icons.css]
[technext.github.io/consultingbiz/assets/css/slick.css]
[technext.github.io/consultingbiz/assets/css/nice-select.css]
[technext.github.io/consultingbiz/assets/fonts/themify9f24.svg]
[technext.github.io/consultingbiz/assets/img/slider/slider-img-1.jpg]
[technext.github.io/consultingbiz/assets/img/background-img/bg-img-2.jpg]
[technext.github.io/consultingbiz/assets/img/background-img/bg-img-3.jpg]
[technext.github.io/consultingbiz/assets/img/hero/hero2.jpg]
[technext.github.io/consultingbiz/assets/img/hero/h1_hero.jpg]
[technext.github.io/consultingbiz/assets/img/banner/bradcam.64.delayed]
[technext.github.io/consultingbiz/assets/img/banner/bradcam2.png]
[technext.github.io/consultingbiz/assets/img/banner/bradcam3.png]
[technext.github.io/consultingbiz/assets/img/elements/primary-check.png]
[technext.github.io/consultingbiz/assets/img/elements/success-check.png]
[technext.github.io/consultingbiz/assets/img/elements/disabled-check.png]
[technext.github.io/consultingbiz/assets/img/elements/primary-radio.png]
[technext.github.io/consultingbiz/assets/img/elements/success-radio.png]
[technext.github.io/consultingbiz/assets/img/elements/disabled-radio.png]
[technext.github.io/consultingbiz/assets/css/style.css]
[technext.github.io/consultingbiz/about.html]
[technext.github.io/consultingbiz/services.html]
[technext.github.io/consultingbiz/assets/css/responsive.css]
[technext.github.io/consultingbiz/assets/img/blog/single_blog_1.png]
[technext.github.io/consultingbiz/assets/img/blog/single_blog_2.png]
[technext.github.io/consultingbiz/assets/img/blog/single_blog_3.png]
[technext.github.io/consultingbiz/assets/img/blog/single_blog_4.png]
[technext.github.io/consultingbiz/assets/img/blog/single_blog_5.png]
[technext.github.io/consultingbiz/assets/img/post/post_1.png]
[technext.github.io/consultingbiz/assets/img/post/post_2.png]
[technext.github.io/consultingbiz/assets/img/post/post_3.png]
[technext.github.io/consultingbiz/assets/img/post/post_4.png]
[technext.github.io/consultingbiz/assets/img/post/post_5.png]
[technext.github.io/consultingbiz/assets/img/post/post_6.png]
[technext.github.io/consultingbiz/assets/img/post/post_7.png]
[technext.github.io/consultingbiz/assets/img/post/post_8.png]
[technext.github.io/consultingbiz/assets/img/post/post_9.png]
[technext.github.io/consultingbiz/assets/img/post/post_10.png]
[technext.github.io/consultingbiz/blog.html]
[technext.github.io/consultingbiz/assets/img/post/preview.png]
[technext.github.io/consultingbiz/assets/img/post/next.png]
[technext.github.io/consultingbiz/assets/img/blog/author.png]
[technext.github.io/consultingbiz/assets/img/comment/comment_1.png]
[technext.github.io/consultingbiz/assets/img/comment/comment_2.png]
[technext.github.io/consultingbiz/assets/img/comment/comment_3.png]
[technext.github.io/consultingbiz/blog_details.html]
[technext.github.io/consultingbiz/assets/img/elements/d.jpg]
[technext.github.io/consultingbiz/assets/img/elements/f1.jpg]
[technext.github.io/consultingbiz/assets/img/elements/f2.jpg]
[technext.github.io/consultingbiz/assets/img/elements/f3.jpg]
[technext.github.io/consultingbiz/assets/img/elements/f4.jpg]
[technext.github.io/consultingbiz/assets/img/elements/f5.jpg]
[technext.github.io/consultingbiz/assets/img/elements/f6.jpg]
[technext.github.io/consultingbiz/assets/img/elements/f7.jpg]
[technext.github.io/consultingbiz/assets/img/elements/f8.jpg]
[technext.github.io/consultingbiz/assets/img/elements/g1.jpg]
[technext.github.io/consultingbiz/assets/img/elements/g2.jpg]
[technext.github.io/consultingbiz/assets/img/elements/g3.jpg]
[technext.github.io/consultingbiz/assets/img/elements/g4.jpg]
[technext.github.io/consultingbiz/assets/img/elements/g5.jpg]
[technext.github.io/consultingbiz/assets/img/elements/g6.jpg]
[technext.github.io/consultingbiz/assets/img/elements/g7.jpg]
[technext.github.io/consultingbiz/assets/img/elements/g8.jpg]
[technext.github.io/consultingbiz/elements.html]
[technext.github.io/consultingbiz/_https_/maps.gstatic.com/mapfiles/openhand_8_8.cur_]
[maps.gstatic.com/mapfiles/api-3/images/google_white5.png]
[technext.github.io/consultingbiz/contact.html]
[technext.github.io/consultingbiz/industries.html]
[technext.github.io/consultingbiz/assets/css/owl.video.play.html]
[technext.github.io/consultingbiz/assets/fonts/Flaticon.svg]
[technext.github.io/consultingbiz/assets/fonts/fa-brands-400.svg]
[technext.github.io/consultingbiz/assets/fonts/fa-regular-400.svg]
[technext.github.io/consultingbiz/assets/fonts/fa-solid-900.svg]
[technext.github.io/consultingbiz/assets/fonts/themify9f24.svg]
[technext.github.io/consultingbiz/assets/img/slider/slider-img-1.html]
[technext.github.io/consultingbiz/assets/img/background-img/bg-img-2.html]
[technext.github.io/consultingbiz/assets/img/background-img/bg-img-3.html]
[technext.github.io/consultingbiz/assets/img/banner/bradcam.html]
[technext.github.io/consultingbiz/assets/img/banner/bradcam2.html]
[technext.github.io/consultingbiz/assets/img/banner/bradcam3.html]
[technext.github.io/consultingbiz/assets/css/responsive.css]
[technext.github.io/consultingbiz/_https_/maps.gstatic.com/mapfiles/openhand_8_8.html]
